--- Testing Bose Vite Plugin ---
[Bose Vite] Transforming: server-app.js
[Bose Optimizer] Registered Server Action: action_lc7zjonoj
[Bose Optimizer] Captured variables: [ 'saveToDB', 'result' ] Signals: []

--- Transformed Code ---
export default function ServerApp() {
  // This function will be automatically transformed into an RPC call
  const saveToDB = async (...args) => fetch("/_bose_action", {
    method: "POST",
    body: JSON.stringify({
      id: "action_lc7zjonoj",
      args: args
    })
  }).then(r => r.json());
  const handleInput = {
    chunk: "chunk_6lx9ql14c.js",
    props: ["saveToDB", "result"],
    signals: []
  };
  return `
        <div class="server-island">
            <h3>Server Actions Demo</h3>
            <p>Type something and press Enter to save to "DB".</p>
            <input type="text" bose:on:keyup="${handleInput.chunk}" placeholder="Enter data...">
        </div>
    `;
}

Success! Check playground/public/chunks for the generated files.
